// Jest Snapshot v1, https://goo.gl/fbAQLP

exports[`Header Component matches snapshot 1`] = `
<DocumentFragment>
  <div
    class="flex justify-between items-center"
  >
    <div
      class="flex gap-2.5 items-center"
    >
      <img
        alt="menu icon"
        class="h-4 w-4"
        data-testid="menu-icon"
        src="vector1-icon"
      />
      <h3
        class="font-bold text-[#B0B0B0]"
      >
        Test Header
      </h3>
    </div>
    <div
      class="flex gap-5 items-center"
    >
      <button
        class="text-sm text-[#6F01D0] hover:text-[#6f01d0d1] font-semibold cursor-pointer"
      >
        See all
      </button>
      <img
        alt="icon"
        class="cursor-pointer"
        data-testid="action-icon"
        src="vector1-icon"
      />
    </div>
  </div>
</DocumentFragment>
`;
