// Vitest Snapshot v1, https://vitest.dev/guide/snapshot.html

exports[`Example Test > should match snapshot 1`] = `
<div>
  <div>
    Hello Test
  </div>
</div>
`;
